2026-08-07 16:13:37,653 | INFO | Original Data Loaded
2026-08-07 16:13:37,851 | INFO | Customer Dimension Loaded
2026-08-07 16:13:38,885 | ERROR | Customer Load Failed
Traceback (most recent call last):
  File "/Users/apple/Desktop/DataEngineering/Project4_Retail_DataWarehouse/scripts/warehouse_etl.py", line 63, in <module>
    dim_customer.write.mode("append").jdbc(
    ~~~~~~~~~~~~~~~~~~~~~~~~~~~~~~~~~~~~~~^
        url=url,
        ^^^^^^^^
        table="dim_customer",
        ^^^^^^^^^^^^^^^^^^^^^
        properties=properties
        ^^^^^^^^^^^^^^^^^^^^^
    )
    ^
  File "/Users/apple/Desktop/DataEngineering/venv/lib/python3.14/site-packages/pyspark/sql/readwriter.py", line 2437, in jdbc
    self.mode(mode)._jwrite.jdbc(url, table, jprop)
    ~~~~~~~~~~~~~~~~~~~~~~~~~~~~^^^^^^^^^^^^^^^^^^^
  File "/Users/apple/Desktop/DataEngineering/venv/lib/python3.14/site-packages/py4j/java_gateway.py", line 1362, in __call__
    return_value = get_return_value(
        answer, self.gateway_client, self.target_id, self.name)
  File "/Users/apple/Desktop/DataEngineering/venv/lib/python3.14/site-packages/pyspark/errors/exceptions/captured.py", line 251, in deco
    return f(*a, **kw)
  File "/Users/apple/Desktop/DataEngineering/venv/lib/python3.14/site-packages/py4j/protocol.py", line 327, in get_return_value
    raise Py4JJavaError(
        "An error occurred while calling {0}{1}{2}.\n".
        format(target_id, ".", name), value)
py4j.protocol.Py4JJavaError: An error occurred while calling o46.jdbc.
: org.apache.spark.SparkException: Job aborted due to stage failure: Task 0 in stage 9.0 failed 1 times, most recent failure: Lost task 0.0 in stage 9.0 (TID 7) (192.168.0.5 executor driver): java.sql.BatchUpdateException: Batch entry 0 INSERT INTO dim_customer ("customer_name") VALUES (('Gina')) was aborted: ERROR: duplicate key value violates unique constraint "dim_customer_customer_name_key"
  Detail: Key (customer_name)=(Gina) already exists.  Call getNextException to see other errors in the batch.
	at org.postgresql.jdbc.BatchResultHandler.handleError(BatchResultHandler.java:165)
	at org.postgresql.core.ResultHandlerDelegate.handleError(ResultHandlerDelegate.java:52)
	at org.postgresql.core.v3.QueryExecutorImpl.processResults(QueryExecutorImpl.java:2422)
	at org.postgresql.core.v3.QueryExecutorImpl.execute(QueryExecutorImpl.java:580)
	at org.postgresql.jdbc.PgStatement.internalExecuteBatch(PgStatement.java:886)
	at org.postgresql.jdbc.PgStatement.executeBatch(PgStatement.java:910)
	at org.postgresql.jdbc.PgPreparedStatement.executeBatch(PgPreparedStatement.java:1778)
	at org.apache.spark.sql.execution.datasources.jdbc.JdbcUtils$.savePartition(JdbcUtils.scala:891)
	at org.apache.spark.sql.execution.datasources.jdbc.JdbcUtils$.$anonfun$saveTable$1(JdbcUtils.scala:1067)
	at org.apache.spark.sql.execution.datasources.jdbc.JdbcUtils$.$anonfun$saveTable$1$adapted(JdbcUtils.scala:1066)
	at org.apache.spark.rdd.RDD.$anonfun$foreachPartition$2(RDD.scala:1063)
	at org.apache.spark.rdd.RDD.$anonfun$foreachPartition$2$adapted(RDD.scala:1063)
	at org.apache.spark.SparkContext.$anonfun$runJob$5(SparkContext.scala:2536)
	at org.apache.spark.scheduler.ResultTask.runTask(ResultTask.scala:93)
	at org.apache.spark.TaskContext.runTaskWithListeners(TaskContext.scala:206)
	at org.apache.spark.scheduler.Task.run(Task.scala:147)
	at org.apache.spark.executor.Executor$TaskRunner.$anonfun$run$4(Executor.scala:894)
	at org.apache.spark.util.SparkErrorUtils.tryWithSafeFinally(SparkErrorUtils.scala:86)
	at org.apache.spark.util.SparkErrorUtils.tryWithSafeFinally$(SparkErrorUtils.scala:83)
	at org.apache.spark.util.Utils$.tryWithSafeFinally(Utils.scala:97)
	at org.apache.spark.executor.Executor$TaskRunner.run(Executor.scala:897)
	at java.base/java.util.concurrent.ThreadPoolExecutor.runWorker(ThreadPoolExecutor.java:1136)
	at java.base/java.util.concurrent.ThreadPoolExecutor$Worker.run(ThreadPoolExecutor.java:635)
	at java.base/java.lang.Thread.run(Thread.java:840)
Caused by: org.postgresql.util.PSQLException: ERROR: duplicate key value violates unique constraint "dim_customer_customer_name_key"
  Detail: Key (customer_name)=(Gina) already exists.
	at org.postgresql.core.v3.QueryExecutorImpl.receiveErrorResponse(QueryExecutorImpl.java:2734)
	at org.postgresql.core.v3.QueryExecutorImpl.processResults(QueryExecutorImpl.java:2421)
	... 21 more

Driver stacktrace:
	at org.apache.spark.scheduler.DAGScheduler.$anonfun$abortStage$3(DAGScheduler.scala:3318)
	at scala.Option.getOrElse(Option.scala:201)
	at org.apache.spark.scheduler.DAGScheduler.$anonfun$abortStage$2(DAGScheduler.scala:3318)
	at org.apache.spark.scheduler.DAGScheduler.$anonfun$abortStage$2$adapted(DAGScheduler.scala:3310)
	at scala.collection.immutable.List.foreach(List.scala:323)
	at org.apache.spark.scheduler.DAGScheduler.abortStage(DAGScheduler.scala:3310)
	at org.apache.spark.scheduler.DAGScheduler.$anonfun$handleTaskSetFailed$1(DAGScheduler.scala:1363)
	at org.apache.spark.scheduler.DAGScheduler.$anonfun$handleTaskSetFailed$1$adapted(DAGScheduler.scala:1363)
	at scala.Option.foreach(Option.scala:437)
	at org.apache.spark.scheduler.DAGScheduler.handleTaskSetFailed(DAGScheduler.scala:1363)
	at org.apache.spark.scheduler.DAGSchedulerEventProcessLoop.doOnReceive(DAGScheduler.scala:3589)
	at org.apache.spark.scheduler.DAGSchedulerEventProcessLoop.onReceive(DAGScheduler.scala:3517)
	at org.apache.spark.scheduler.DAGSchedulerEventProcessLoop.onReceive(DAGScheduler.scala:3506)
	at org.apache.spark.util.EventLoop$$anon$1.run(EventLoop.scala:50)
	at org.apache.spark.scheduler.DAGScheduler.runJob(DAGScheduler.scala:1063)
	at org.apache.spark.SparkContext.runJob(SparkContext.scala:2496)
	at org.apache.spark.SparkContext.runJob(SparkContext.scala:2517)
	at org.apache.spark.SparkContext.runJob(SparkContext.scala:2536)
	at org.apache.spark.SparkContext.runJob(SparkContext.scala:2561)
	at org.apache.spark.rdd.RDD.$anonfun$foreachPartition$1(RDD.scala:1063)
	at org.apache.spark.rdd.RDDOperationScope$.withScope(RDDOperationScope.scala:169)
	at org.apache.spark.rdd.RDDOperationScope$.withScope(RDDOperationScope.scala:134)
	at org.apache.spark.rdd.RDDOperationScope$.withScope(RDDOperationScope.scala:112)
	at org.apache.spark.rdd.RDD.withScope(RDD.scala:417)
	at org.apache.spark.rdd.RDD.foreachPartition(RDD.scala:1061)
	at org.apache.spark.sql.classic.Dataset.$anonfun$foreachPartition$1(Dataset.scala:1556)
	at scala.runtime.java8.JFunction0$mcV$sp.apply(JFunction0$mcV$sp.scala:18)
	at org.apache.spark.sql.classic.Dataset.$anonfun$withNewRDDExecutionId$1(Dataset.scala:2311)
	at org.apache.spark.sql.execution.SQLExecution$.$anonfun$withNewExecutionId0$8(SQLExecution.scala:228)
	at org.apache.spark.sql.execution.SQLExecution$.withSessionTagsApplied(SQLExecution.scala:352)
	at org.apache.spark.sql.execution.SQLExecution$.$anonfun$withNewExecutionId0$7(SQLExecution.scala:189)
	at org.apache.spark.JobArtifactSet$.withActiveJobArtifactState(JobArtifactSet.scala:94)
	at org.apache.spark.sql.artifact.ArtifactManager.$anonfun$withResources$1(ArtifactManager.scala:112)
	at org.apache.spark.sql.artifact.ArtifactManager.withClassLoaderIfNeeded(ArtifactManager.scala:106)
	at org.apache.spark.sql.artifact.ArtifactManager.withResources(ArtifactManager.scala:111)
	at org.apache.spark.sql.execution.SQLExecution$.$anonfun$withNewExecutionId0$6(SQLExecution.scala:189)
	at org.apache.spark.sql.execution.SQLExecution$.withSQLConfPropagated(SQLExecution.scala:375)
	at org.apache.spark.sql.execution.SQLExecution$.$anonfun$withNewExecutionId0$1(SQLExecution.scala:188)
	at org.apache.spark.sql.SparkSession.withActive(SparkSession.scala:810)
	at org.apache.spark.sql.execution.SQLExecution$.withNewExecutionId0(SQLExecution.scala:130)
	at org.apache.spark.sql.execution.SQLExecution$.withNewExecutionId(SQLExecution.scala:317)
	at org.apache.spark.sql.classic.Dataset.withNewRDDExecutionId(Dataset.scala:2309)
	at org.apache.spark.sql.classic.Dataset.foreachPartition(Dataset.scala:1556)
	at org.apache.spark.sql.execution.datasources.jdbc.JdbcUtils$.saveTable(JdbcUtils.scala:1066)
	at org.apache.spark.sql.execution.datasources.jdbc.JdbcRelationProvider.createRelation(JdbcRelationProvider.scala:80)
	at org.apache.spark.sql.execution.datasources.SaveIntoDataSourceCommand.run(SaveIntoDataSourceCommand.scala:55)
	at org.apache.spark.sql.execution.command.ExecutedCommandExec.sideEffectResult$lzycompute(commands.scala:79)
	at org.apache.spark.sql.execution.command.ExecutedCommandExec.sideEffectResult(commands.scala:77)
	at org.apache.spark.sql.execution.command.ExecutedCommandExec.executeCollect(commands.scala:88)
	at org.apache.spark.sql.execution.QueryExecution$.$anonfun$runCommand$2(QueryExecution.scala:940)
	at org.apache.spark.sql.execution.SQLExecution$.$anonfun$withNewExecutionId0$8(SQLExecution.scala:228)
	at org.apache.spark.sql.execution.SQLExecution$.withSessionTagsApplied(SQLExecution.scala:352)
	at org.apache.spark.sql.execution.SQLExecution$.$anonfun$withNewExecutionId0$7(SQLExecution.scala:189)
	at org.apache.spark.JobArtifactSet$.withActiveJobArtifactState(JobArtifactSet.scala:94)
	at org.apache.spark.sql.artifact.ArtifactManager.$anonfun$withResources$1(ArtifactManager.scala:112)
	at org.apache.spark.sql.artifact.ArtifactManager.withClassLoaderIfNeeded(ArtifactManager.scala:106)
	at org.apache.spark.sql.artifact.ArtifactManager.withResources(ArtifactManager.scala:111)
	at org.apache.spark.sql.execution.SQLExecution$.$anonfun$withNewExecutionId0$6(SQLExecution.scala:189)
	at org.apache.spark.sql.execution.SQLExecution$.withSQLConfPropagated(SQLExecution.scala:375)
	at org.apache.spark.sql.execution.SQLExecution$.$anonfun$withNewExecutionId0$1(SQLExecution.scala:188)
	at org.apache.spark.sql.SparkSession.withActive(SparkSession.scala:810)
	at org.apache.spark.sql.execution.SQLExecution$.withNewExecutionId0(SQLExecution.scala:130)
	at org.apache.spark.sql.execution.SQLExecution$.withNewExecutionId(SQLExecution.scala:317)
	at org.apache.spark.sql.execution.QueryExecution$.$anonfun$runCommand$1(QueryExecution.scala:940)
	at org.apache.spark.sql.execution.QueryExecution$.withInternalError(QueryExecution.scala:872)
	at org.apache.spark.sql.execution.QueryExecution$.runCommand(QueryExecution.scala:939)
	at org.apache.spark.sql.execution.QueryExecution.org$apache$spark$sql$execution$QueryExecution$$eagerlyExecute$1(QueryExecution.scala:247)
	at org.apache.spark.sql.execution.QueryExecution$$anonfun$eagerlyExecuteCommands$1.applyOrElse(QueryExecution.scala:261)
	at org.apache.spark.sql.execution.QueryExecution$$anonfun$eagerlyExecuteCommands$1.applyOrElse(QueryExecution.scala:254)
	at org.apache.spark.sql.catalyst.trees.TreeNode.$anonfun$transformDownWithPruning$1(TreeNode.scala:495)
	at org.apache.spark.sql.catalyst.trees.CurrentOrigin$.withOrigin(origin.scala:107)
	at org.apache.spark.sql.catalyst.trees.TreeNode.transformDownWithPruning(TreeNode.scala:495)
	at org.apache.spark.sql.catalyst.plans.logical.LogicalPlan.org$apache$spark$sql$catalyst$plans$logical$AnalysisHelper$$super$transformDownWithPruning(LogicalPlan.scala:37)
	at org.apache.spark.sql.catalyst.plans.logical.AnalysisHelper.transformDownWithPruning(AnalysisHelper.scala:360)
	at org.apache.spark.sql.catalyst.plans.logical.AnalysisHelper.transformDownWithPruning$(AnalysisHelper.scala:356)
	at org.apache.spark.sql.catalyst.plans.logical.LogicalPlan.transformDownWithPruning(LogicalPlan.scala:37)
	at org.apache.spark.sql.catalyst.plans.logical.LogicalPlan.transformDownWithPruning(LogicalPlan.scala:37)
	at org.apache.spark.sql.catalyst.trees.TreeNode.transformDown(TreeNode.scala:471)
	at org.apache.spark.sql.execution.QueryExecution.eagerlyExecuteCommands(QueryExecution.scala:254)
	at org.apache.spark.sql.execution.QueryExecution.$anonfun$lazyCommandExecuted$1(QueryExecution.scala:218)
	at scala.util.Try$.apply(Try.scala:217)
	at org.apache.spark.util.Utils$.doTryWithCallerStacktrace(Utils.scala:1407)
	at org.apache.spark.util.Utils$.getTryWithCallerStacktrace(Utils.scala:1457)
	at org.apache.spark.util.LazyTry.get(LazyTry.scala:61)
	at org.apache.spark.sql.execution.QueryExecution.$anonfun$commandExecuted$1(QueryExecution.scala:224)
	at org.apache.spark.sql.execution.QueryExecution.withAbortTransactionOnFailure(QueryExecution.scala:632)
	at org.apache.spark.sql.execution.QueryExecution.commandExecuted(QueryExecution.scala:224)
	at org.apache.spark.sql.execution.QueryExecution.assertCommandExecuted(QueryExecution.scala:309)
	at org.apache.spark.sql.classic.DataFrameWriter.runCommand(DataFrameWriter.scala:615)
	at org.apache.spark.sql.classic.DataFrameWriter.save(DataFrameWriter.scala:126)
	at org.apache.spark.sql.DataFrameWriter.jdbc(DataFrameWriter.scala:346)
	at java.base/jdk.internal.reflect.NativeMethodAccessorImpl.invoke0(Native Method)
	at java.base/jdk.internal.reflect.NativeMethodAccessorImpl.invoke(NativeMethodAccessorImpl.java:77)
	at java.base/jdk.internal.reflect.DelegatingMethodAccessorImpl.invoke(DelegatingMethodAccessorImpl.java:43)
	at java.base/java.lang.reflect.Method.invoke(Method.java:569)
	at py4j.reflection.MethodInvoker.invoke(MethodInvoker.java:244)
	at py4j.reflection.ReflectionEngine.invoke(ReflectionEngine.java:374)
	at py4j.Gateway.invoke(Gateway.java:282)
	at py4j.commands.AbstractCommand.invokeMethod(AbstractCommand.java:132)
	at py4j.commands.CallCommand.execute(CallCommand.java:79)
	at py4j.ClientServerConnection.waitForCommands(ClientServerConnection.java:184)
	at py4j.ClientServerConnection.run(ClientServerConnection.java:108)
	at java.base/java.lang.Thread.run(Thread.java:840)
Caused by: java.sql.BatchUpdateException: Batch entry 0 INSERT INTO dim_customer ("customer_name") VALUES (('Gina')) was aborted: ERROR: duplicate key value violates unique constraint "dim_customer_customer_name_key"
  Detail: Key (customer_name)=(Gina) already exists.  Call getNextException to see other errors in the batch.
	at org.postgresql.jdbc.BatchResultHandler.handleError(BatchResultHandler.java:165)
	at org.postgresql.core.ResultHandlerDelegate.handleError(ResultHandlerDelegate.java:52)
	at org.postgresql.core.v3.QueryExecutorImpl.processResults(QueryExecutorImpl.java:2422)
	at org.postgresql.core.v3.QueryExecutorImpl.execute(QueryExecutorImpl.java:580)
	at org.postgresql.jdbc.PgStatement.internalExecuteBatch(PgStatement.java:886)
	at org.postgresql.jdbc.PgStatement.executeBatch(PgStatement.java:910)
	at org.postgresql.jdbc.PgPreparedStatement.executeBatch(PgPreparedStatement.java:1778)
	at org.apache.spark.sql.execution.datasources.jdbc.JdbcUtils$.savePartition(JdbcUtils.scala:891)
	at org.apache.spark.sql.execution.datasources.jdbc.JdbcUtils$.$anonfun$saveTable$1(JdbcUtils.scala:1067)
	at org.apache.spark.sql.execution.datasources.jdbc.JdbcUtils$.$anonfun$saveTable$1$adapted(JdbcUtils.scala:1066)
	at org.apache.spark.rdd.RDD.$anonfun$foreachPartition$2(RDD.scala:1063)
	at org.apache.spark.rdd.RDD.$anonfun$foreachPartition$2$adapted(RDD.scala:1063)
	at org.apache.spark.SparkContext.$anonfun$runJob$5(SparkContext.scala:2536)
	at org.apache.spark.scheduler.ResultTask.runTask(ResultTask.scala:93)
	at org.apache.spark.TaskContext.runTaskWithListeners(TaskContext.scala:206)
	at org.apache.spark.scheduler.Task.run(Task.scala:147)
	at org.apache.spark.executor.Executor$TaskRunner.$anonfun$run$4(Executor.scala:894)
	at org.apache.spark.util.SparkErrorUtils.tryWithSafeFinally(SparkErrorUtils.scala:86)
	at org.apache.spark.util.SparkErrorUtils.tryWithSafeFinally$(SparkErrorUtils.scala:83)
	at org.apache.spark.util.Utils$.tryWithSafeFinally(Utils.scala:97)
	at org.apache.spark.executor.Executor$TaskRunner.run(Executor.scala:897)
	at java.base/java.util.concurrent.ThreadPoolExecutor.runWorker(ThreadPoolExecutor.java:1136)
	at java.base/java.util.concurrent.ThreadPoolExecutor$Worker.run(ThreadPoolExecutor.java:635)
	... 1 more
Caused by: org.postgresql.util.PSQLException: ERROR: duplicate key value violates unique constraint "dim_customer_customer_name_key"
  Detail: Key (customer_name)=(Gina) already exists.
	at org.postgresql.core.v3.QueryExecutorImpl.receiveErrorResponse(QueryExecutorImpl.java:2734)
	at org.postgresql.core.v3.QueryExecutorImpl.processResults(QueryExecutorImpl.java:2421)
	... 21 more

2026-08-07 16:13:39,344 | INFO | Closing down clientserver connection
2026-08-07 16:22:29,565 | INFO | Original Data Loaded
2026-08-07 16:22:29,775 | INFO | Customer Dimension Loaded
2026-08-07 16:22:30,497 | ERROR | Customer Dimension Load Failed
Traceback (most recent call last):
  File "/Users/apple/Desktop/DataEngineering/Project4_Retail_DataWarehouse/scripts/warehouse_etl.py", line 63, in <module>
    dim_customer.write.mode("overwrite").jdbc(
    ~~~~~~~~~~~~~~~~~~~~~~~~~~~~~~~~~~~~~~~~~^
        url=url,
        ^^^^^^^^
        table="dim_customer",
        ^^^^^^^^^^^^^^^^^^^^^
        properties=properties
        ^^^^^^^^^^^^^^^^^^^^^
    )
    ^
  File "/Users/apple/Desktop/DataEngineering/venv/lib/python3.14/site-packages/pyspark/sql/readwriter.py", line 2437, in jdbc
    self.mode(mode)._jwrite.jdbc(url, table, jprop)
    ~~~~~~~~~~~~~~~~~~~~~~~~~~~~^^^^^^^^^^^^^^^^^^^
  File "/Users/apple/Desktop/DataEngineering/venv/lib/python3.14/site-packages/py4j/java_gateway.py", line 1362, in __call__
    return_value = get_return_value(
        answer, self.gateway_client, self.target_id, self.name)
  File "/Users/apple/Desktop/DataEngineering/venv/lib/python3.14/site-packages/pyspark/errors/exceptions/captured.py", line 251, in deco
    return f(*a, **kw)
  File "/Users/apple/Desktop/DataEngineering/venv/lib/python3.14/site-packages/py4j/protocol.py", line 327, in get_return_value
    raise Py4JJavaError(
        "An error occurred while calling {0}{1}{2}.\n".
        format(target_id, ".", name), value)
py4j.protocol.Py4JJavaError: An error occurred while calling o46.jdbc.
: org.postgresql.util.PSQLException: ERROR: cannot drop table dim_customer because other objects depend on it
  Detail: constraint fact_sales_customer_id_fkey on table fact_sales depends on table dim_customer
  Hint: Use DROP ... CASCADE to drop the dependent objects too.
	at org.postgresql.core.v3.QueryExecutorImpl.receiveErrorResponse(QueryExecutorImpl.java:2734)
	at org.postgresql.core.v3.QueryExecutorImpl.processResults(QueryExecutorImpl.java:2421)
	at org.postgresql.core.v3.QueryExecutorImpl.execute(QueryExecutorImpl.java:372)
	at org.postgresql.jdbc.PgStatement.executeInternal(PgStatement.java:518)
	at org.postgresql.jdbc.PgStatement.execute(PgStatement.java:435)
	at org.postgresql.jdbc.PgStatement.executeWithFlags(PgStatement.java:357)
	at org.postgresql.jdbc.PgStatement.executeCachedSql(PgStatement.java:342)
	at org.postgresql.jdbc.PgStatement.executeWithFlags(PgStatement.java:318)
	at org.postgresql.jdbc.PgStatement.executeUpdate(PgStatement.java:291)
	at org.apache.spark.sql.execution.datasources.jdbc.JdbcUtils$.executeStatement(JdbcUtils.scala:1259)
	at org.apache.spark.sql.execution.datasources.jdbc.JdbcUtils$.dropTable(JdbcUtils.scala:90)
	at org.apache.spark.sql.execution.datasources.jdbc.JdbcRelationProvider.createRelation(JdbcRelationProvider.scala:73)
	at org.apache.spark.sql.execution.datasources.SaveIntoDataSourceCommand.run(SaveIntoDataSourceCommand.scala:55)
	at org.apache.spark.sql.execution.command.ExecutedCommandExec.sideEffectResult$lzycompute(commands.scala:79)
	at org.apache.spark.sql.execution.command.ExecutedCommandExec.sideEffectResult(commands.scala:77)
	at org.apache.spark.sql.execution.command.ExecutedCommandExec.executeCollect(commands.scala:88)
	at org.apache.spark.sql.execution.QueryExecution$.$anonfun$runCommand$2(QueryExecution.scala:940)
	at org.apache.spark.sql.execution.SQLExecution$.$anonfun$withNewExecutionId0$8(SQLExecution.scala:228)
	at org.apache.spark.sql.execution.SQLExecution$.withSessionTagsApplied(SQLExecution.scala:352)
	at org.apache.spark.sql.execution.SQLExecution$.$anonfun$withNewExecutionId0$7(SQLExecution.scala:189)
	at org.apache.spark.JobArtifactSet$.withActiveJobArtifactState(JobArtifactSet.scala:94)
	at org.apache.spark.sql.artifact.ArtifactManager.$anonfun$withResources$1(ArtifactManager.scala:112)
	at org.apache.spark.sql.artifact.ArtifactManager.withClassLoaderIfNeeded(ArtifactManager.scala:106)
	at org.apache.spark.sql.artifact.ArtifactManager.withResources(ArtifactManager.scala:111)
	at org.apache.spark.sql.execution.SQLExecution$.$anonfun$withNewExecutionId0$6(SQLExecution.scala:189)
	at org.apache.spark.sql.execution.SQLExecution$.withSQLConfPropagated(SQLExecution.scala:375)
	at org.apache.spark.sql.execution.SQLExecution$.$anonfun$withNewExecutionId0$1(SQLExecution.scala:188)
	at org.apache.spark.sql.SparkSession.withActive(SparkSession.scala:810)
	at org.apache.spark.sql.execution.SQLExecution$.withNewExecutionId0(SQLExecution.scala:130)
	at org.apache.spark.sql.execution.SQLExecution$.withNewExecutionId(SQLExecution.scala:317)
	at org.apache.spark.sql.execution.QueryExecution$.$anonfun$runCommand$1(QueryExecution.scala:940)
	at org.apache.spark.sql.execution.QueryExecution$.withInternalError(QueryExecution.scala:872)
	at org.apache.spark.sql.execution.QueryExecution$.runCommand(QueryExecution.scala:939)
	at org.apache.spark.sql.execution.QueryExecution.org$apache$spark$sql$execution$QueryExecution$$eagerlyExecute$1(QueryExecution.scala:247)
	at org.apache.spark.sql.execution.QueryExecution$$anonfun$eagerlyExecuteCommands$1.applyOrElse(QueryExecution.scala:261)
	at org.apache.spark.sql.execution.QueryExecution$$anonfun$eagerlyExecuteCommands$1.applyOrElse(QueryExecution.scala:254)
	at org.apache.spark.sql.catalyst.trees.TreeNode.$anonfun$transformDownWithPruning$1(TreeNode.scala:495)
	at org.apache.spark.sql.catalyst.trees.CurrentOrigin$.withOrigin(origin.scala:107)
	at org.apache.spark.sql.catalyst.trees.TreeNode.transformDownWithPruning(TreeNode.scala:495)
	at org.apache.spark.sql.catalyst.plans.logical.LogicalPlan.org$apache$spark$sql$catalyst$plans$logical$AnalysisHelper$$super$transformDownWithPruning(LogicalPlan.scala:37)
	at org.apache.spark.sql.catalyst.plans.logical.AnalysisHelper.transformDownWithPruning(AnalysisHelper.scala:360)
	at org.apache.spark.sql.catalyst.plans.logical.AnalysisHelper.transformDownWithPruning$(AnalysisHelper.scala:356)
	at org.apache.spark.sql.catalyst.plans.logical.LogicalPlan.transformDownWithPruning(LogicalPlan.scala:37)
	at org.apache.spark.sql.catalyst.plans.logical.LogicalPlan.transformDownWithPruning(LogicalPlan.scala:37)
	at org.apache.spark.sql.catalyst.trees.TreeNode.transformDown(TreeNode.scala:471)
	at org.apache.spark.sql.execution.QueryExecution.eagerlyExecuteCommands(QueryExecution.scala:254)
	at org.apache.spark.sql.execution.QueryExecution.$anonfun$lazyCommandExecuted$1(QueryExecution.scala:218)
	at scala.util.Try$.apply(Try.scala:217)
	at org.apache.spark.util.Utils$.doTryWithCallerStacktrace(Utils.scala:1407)
	at org.apache.spark.util.Utils$.getTryWithCallerStacktrace(Utils.scala:1457)
	at org.apache.spark.util.LazyTry.get(LazyTry.scala:61)
	at org.apache.spark.sql.execution.QueryExecution.$anonfun$commandExecuted$1(QueryExecution.scala:224)
	at org.apache.spark.sql.execution.QueryExecution.withAbortTransactionOnFailure(QueryExecution.scala:632)
	at org.apache.spark.sql.execution.QueryExecution.commandExecuted(QueryExecution.scala:224)
	at org.apache.spark.sql.execution.QueryExecution.assertCommandExecuted(QueryExecution.scala:309)
	at org.apache.spark.sql.classic.DataFrameWriter.runCommand(DataFrameWriter.scala:615)
	at org.apache.spark.sql.classic.DataFrameWriter.save(DataFrameWriter.scala:126)
	at org.apache.spark.sql.DataFrameWriter.jdbc(DataFrameWriter.scala:346)
	at java.base/jdk.internal.reflect.NativeMethodAccessorImpl.invoke0(Native Method)
	at java.base/jdk.internal.reflect.NativeMethodAccessorImpl.invoke(NativeMethodAccessorImpl.java:77)
	at java.base/jdk.internal.reflect.DelegatingMethodAccessorImpl.invoke(DelegatingMethodAccessorImpl.java:43)
	at java.base/java.lang.reflect.Method.invoke(Method.java:569)
	at py4j.reflection.MethodInvoker.invoke(MethodInvoker.java:244)
	at py4j.reflection.ReflectionEngine.invoke(ReflectionEngine.java:374)
	at py4j.Gateway.invoke(Gateway.java:282)
	at py4j.commands.AbstractCommand.invokeMethod(AbstractCommand.java:132)
	at py4j.commands.CallCommand.execute(CallCommand.java:79)
	at py4j.ClientServerConnection.waitForCommands(ClientServerConnection.java:184)
	at py4j.ClientServerConnection.run(ClientServerConnection.java:108)
	at java.base/java.lang.Thread.run(Thread.java:840)

2026-08-07 16:22:31,035 | INFO | Closing down clientserver connection
2026-08-07 16:35:57,848 | INFO | Original Data Loaded
2026-08-07 16:35:58,038 | INFO | Customer Dimension Loaded
2026-08-07 16:35:58,625 | INFO | Writing Customer Table...
2026-08-07 16:35:58,914 | INFO | Customer Dimension Loaded Successfully
2026-08-07 16:35:58,914 | INFO | Customer Table Load Completed
2026-08-07 16:35:59,285 | INFO | Product Dimension Loaded
2026-08-07 16:35:59,460 | INFO | City Dimension Loaded
2026-08-07 16:35:59,552 | INFO | Fact Table Created
2026-08-07 16:36:00,738 | INFO | Fact Table Loaded
2026-08-07 16:36:01,103 | INFO | Closing down clientserver connection
